// Jest Snapshot v1, https://goo.gl/fbAQLP

exports[`reflectDefineProperty throws if the target isn’t an object 1`] = `"undefined is not an object"`;

exports[`reflectDefineProperty throws if the target isn’t an object 2`] = `"null is not an object"`;

exports[`reflectDefineProperty throws if the target isn’t an object 3`] = `"1 is not an object"`;

exports[`reflectDefineProperty throws if the target isn’t an object 4`] = `" is not an object"`;

exports[`reflectDefineProperty throws if the target isn’t an object 5`] = `"true is not an object"`;
